Analysis & Synthesis report for DE10_Button_LED
Sat Mar  1 16:49:13 2025
Quartus Prime Version 20.1.0 Build 711 06/05/2020 SJ Lite Edition


---------------------
; Table of Contents ;
---------------------
  1. Legal Notice
  2. Analysis & Synthesis Summary
  3. Analysis & Synthesis Settings
  4. Parallel Compilation
  5. Analysis & Synthesis IP Cores Summary
  6. Analysis & Synthesis Messages
  7. Analysis & Synthesis Suppressed Messages



----------------
; Legal Notice ;
----------------
Copyright (C) 2020  Intel Corporation. All rights reserved.
Your use of Intel Corporation's design tools, logic functions 
and other software and tools, and any partner logic 
functions, and any output files from any of the foregoing 
(including device programming or simulation files), and any 
associated documentation or information are expressly subject 
to the terms and conditions of the Intel Program License 
Subscription Agreement, the Intel Quartus Prime License Agreement,
the Intel FPGA IP License Agreement, or other applicable license
agreement, including, without limitation, that your use is for
the sole purpose of programming logic devices manufactured by
Intel and sold by Intel or its authorized distributors.  Please
refer to the applicable agreement for further details, at
https://fpgasoftware.intel.com/eula.



+---------------------------------------------------------------------------+
; Analysis & Synthesis Summary                                              ;
+-----------------------------+---------------------------------------------+
; Analysis & Synthesis Status ; Failed - Sat Mar  1 16:49:13 2025           ;
; Quartus Prime Version       ; 20.1.0 Build 711 06/05/2020 SJ Lite Edition ;
; Revision Name               ; DE10_Button_LED                             ;
; Top-level Entity Name       ; DE10_BUtton_LED                             ;
; Family                      ; Cyclone V                                   ;
; Logic utilization (in ALMs) ; N/A until Partition Merge                   ;
; Total registers             ; N/A until Partition Merge                   ;
; Total pins                  ; N/A until Partition Merge                   ;
; Total virtual pins          ; N/A until Partition Merge                   ;
; Total block memory bits     ; N/A until Partition Merge                   ;
; Total PLLs                  ; N/A until Partition Merge                   ;
; Total DLLs                  ; N/A until Partition Merge                   ;
+-----------------------------+---------------------------------------------+


+---------------------------------------------------------------------------------------------------------------------------+
; Analysis & Synthesis Settings                                                                                             ;
+---------------------------------------------------------------------------------+--------------------+--------------------+
; Option                                                                          ; Setting            ; Default Value      ;
+---------------------------------------------------------------------------------+--------------------+--------------------+
; Device                                                                          ; 5CSEBA6U23I7       ;                    ;
; Top-level entity name                                                           ; DE10_BUtton_LED    ; DE10_Button_LED    ;
; Family name                                                                     ; Cyclone V          ; Cyclone V          ;
; Use smart compilation                                                           ; Off                ; Off                ;
; Enable parallel Assembler and Timing Analyzer during compilation                ; On                 ; On                 ;
; Enable compact report table                                                     ; Off                ; Off                ;
; Restructure Multiplexers                                                        ; Auto               ; Auto               ;
; MLAB Add Timing Constraints For Mixed-Port Feed-Through Mode Setting Don't Care ; Off                ; Off                ;
; Create Debugging Nodes for IP Cores                                             ; Off                ; Off                ;
; Preserve fewer node names                                                       ; On                 ; On                 ;
; Intel FPGA IP Evaluation Mode                                                   ; Enable             ; Enable             ;
; Verilog Version                                                                 ; Verilog_2001       ; Verilog_2001       ;
; VHDL Version                                                                    ; VHDL_1993          ; VHDL_1993          ;
; State Machine Processing                                                        ; Auto               ; Auto               ;
; Safe State Machine                                                              ; Off                ; Off                ;
; Extract Verilog State Machines                                                  ; On                 ; On                 ;
; Extract VHDL State Machines                                                     ; On                 ; On                 ;
; Ignore Verilog initial constructs                                               ; Off                ; Off                ;
; Iteration limit for constant Verilog loops                                      ; 5000               ; 5000               ;
; Iteration limit for non-constant Verilog loops                                  ; 250                ; 250                ;
; Add Pass-Through Logic to Inferred RAMs                                         ; On                 ; On                 ;
; Infer RAMs from Raw Logic                                                       ; On                 ; On                 ;
; Parallel Synthesis                                                              ; On                 ; On                 ;
; DSP Block Balancing                                                             ; Auto               ; Auto               ;
; NOT Gate Push-Back                                                              ; On                 ; On                 ;
; Power-Up Don't Care                                                             ; On                 ; On                 ;
; Remove Redundant Logic Cells                                                    ; Off                ; Off                ;
; Remove Duplicate Registers                                                      ; On                 ; On                 ;
; Ignore CARRY Buffers                                                            ; Off                ; Off                ;
; Ignore CASCADE Buffers                                                          ; Off                ; Off                ;
; Ignore GLOBAL Buffers                                                           ; Off                ; Off                ;
; Ignore ROW GLOBAL Buffers                                                       ; Off                ; Off                ;
; Ignore LCELL Buffers                                                            ; Off                ; Off                ;
; Ignore SOFT Buffers                                                             ; On                 ; On                 ;
; Limit AHDL Integers to 32 Bits                                                  ; Off                ; Off                ;
; Optimization Technique                                                          ; Balanced           ; Balanced           ;
; Carry Chain Length                                                              ; 70                 ; 70                 ;
; Auto Carry Chains                                                               ; On                 ; On                 ;
; Auto Open-Drain Pins                                                            ; On                 ; On                 ;
; Perform WYSIWYG Primitive Resynthesis                                           ; Off                ; Off                ;
; Auto ROM Replacement                                                            ; On                 ; On                 ;
; Auto RAM Replacement                                                            ; On                 ; On                 ;
; Auto DSP Block Replacement                                                      ; On                 ; On                 ;
; Auto Shift Register Replacement                                                 ; Auto               ; Auto               ;
; Allow Shift Register Merging across Hierarchies                                 ; Auto               ; Auto               ;
; Auto Clock Enable Replacement                                                   ; On                 ; On                 ;
; Strict RAM Replacement                                                          ; Off                ; Off                ;
; Allow Synchronous Control Signals                                               ; On                 ; On                 ;
; Force Use of Synchronous Clear Signals                                          ; Off                ; Off                ;
; Auto Resource Sharing                                                           ; Off                ; Off                ;
; Allow Any RAM Size For Recognition                                              ; Off                ; Off                ;
; Allow Any ROM Size For Recognition                                              ; Off                ; Off                ;
; Allow Any Shift Register Size For Recognition                                   ; Off                ; Off                ;
; Use LogicLock Constraints during Resource Balancing                             ; On                 ; On                 ;
; Ignore translate_off and synthesis_off directives                               ; Off                ; Off                ;
; Timing-Driven Synthesis                                                         ; On                 ; On                 ;
; Report Parameter Settings                                                       ; On                 ; On                 ;
; Report Source Assignments                                                       ; On                 ; On                 ;
; Report Connectivity Checks                                                      ; On                 ; On                 ;
; Ignore Maximum Fan-Out Assignments                                              ; Off                ; Off                ;
; Synchronization Register Chain Length                                           ; 3                  ; 3                  ;
; Power Optimization During Synthesis                                             ; Normal compilation ; Normal compilation ;
; HDL message level                                                               ; Level2             ; Level2             ;
; Suppress Register Optimization Related Messages                                 ; Off                ; Off                ;
; Number of Removed Registers Reported in Synthesis Report                        ; 5000               ; 5000               ;
; Number of Swept Nodes Reported in Synthesis Report                              ; 5000               ; 5000               ;
; Number of Inverted Registers Reported in Synthesis Report                       ; 100                ; 100                ;
; Clock MUX Protection                                                            ; On                 ; On                 ;
; Auto Gated Clock Conversion                                                     ; Off                ; Off                ;
; Block Design Naming                                                             ; Auto               ; Auto               ;
; SDC constraint protection                                                       ; Off                ; Off                ;
; Synthesis Effort                                                                ; Auto               ; Auto               ;
; Shift Register Replacement - Allow Asynchronous Clear Signal                    ; On                 ; On                 ;
; Pre-Mapping Resynthesis Optimization                                            ; Off                ; Off                ;
; Analysis & Synthesis Message Level                                              ; Medium             ; Medium             ;
; Disable Register Merging Across Hierarchies                                     ; Auto               ; Auto               ;
; Resource Aware Inference For Block RAM                                          ; On                 ; On                 ;
; Automatic Parallel Synthesis                                                    ; On                 ; On                 ;
; Partial Reconfiguration Bitstream ID                                            ; Off                ; Off                ;
+---------------------------------------------------------------------------------+--------------------+--------------------+


+------------------------------------------+
; Parallel Compilation                     ;
+----------------------------+-------------+
; Processors                 ; Number      ;
+----------------------------+-------------+
; Number detected on machine ; 6           ;
; Maximum allowed            ; 6           ;
;                            ;             ;
; Average used               ; 1.00        ;
; Maximum used               ; 1           ;
;                            ;             ;
; Usage by Processor         ; % Time Used ;
;     Processor 1            ; 100.0%      ;
+----------------------------+-------------+


+--------------------------------------------------------------------------------------------------------------------------------------------------------------------------------------------------------------+
; Analysis & Synthesis IP Cores Summary                                                                                                                                                                        ;
+--------+--------------+---------+--------------+--------------+------------------+---------------------------------------------------------------------------------------------------------------------------+
; Vendor ; IP Core Name ; Version ; Release Date ; License Type ; Entity Instance  ; IP Include File                                                                                                           ;
+--------+--------------+---------+--------------+--------------+------------------+---------------------------------------------------------------------------------------------------------------------------+
; N/A    ; Qsys         ; 20.1    ; N/A          ; N/A          ; |DE10_BUtton_LED ; /home/nicholas/Desktop/Github/low-latency-market-analysis/examples/hps_fpga_examples/DE10_Button_LED/DE10_Button_LED.qsys ;
+--------+--------------+---------+--------------+--------------+------------------+---------------------------------------------------------------------------------------------------------------------------+


+-------------------------------+
; Analysis & Synthesis Messages ;
+-------------------------------+
Info: *******************************************************************
Info: Running Quartus Prime Analysis & Synthesis
    Info: Version 20.1.0 Build 711 06/05/2020 SJ Lite Edition
    Info: Processing started: Sat Mar  1 16:45:43 2025
Info: Command: quartus_map --read_settings_files=on --write_settings_files=off DE10_Button_LED -c DE10_Button_LED
Warning (18236): Number of processors has not been specified which may cause overloading on shared machines.  Set the global assignment NUM_PARALLEL_PROCESSORS in your QSF to an appropriate value for best performance.
Info (20030): Parallel compilation is enabled and will use 6 of the 6 processors detected
Info (12248): Elaborating Platform Designer system entity "DE10_Button_LED.qsys"
Info (12250): 2025.03.01.16:46:13 Progress: Loading DE10_Button_LED/DE10_Button_LED.qsys
Info (12250): 2025.03.01.16:46:14 Progress: Reading input file
Info (12250): 2025.03.01.16:46:14 Progress: Adding clk_50 [clock_source 20.1]
Info (12250): 2025.03.01.16:46:15 Progress: Parameterizing module clk_50
Info (12250): 2025.03.01.16:46:15 Progress: Adding hps_0 [altera_hps 20.1]
Info (12250): 2025.03.01.16:46:19 Progress: Parameterizing module hps_0
Info (12250): 2025.03.01.16:46:19 Progress: Adding pio_button [altera_avalon_pio 20.1]
Info (12250): 2025.03.01.16:46:20 Progress: Parameterizing module pio_button
Info (12250): 2025.03.01.16:46:20 Progress: Adding pio_led [altera_avalon_pio 20.1]
Info (12250): 2025.03.01.16:46:20 Progress: Parameterizing module pio_led
Info (12250): 2025.03.01.16:46:20 Progress: Building connections
Info (12250): 2025.03.01.16:46:20 Progress: Parameterizing connections
Info (12250): 2025.03.01.16:46:20 Progress: Validating
Info (12250): 2025.03.01.16:46:45 Progress: Done reading input file
Info (12250): DE10_Button_LED.hps_0: HPS Main PLL counter settings: n = 0  m = 63
Info (12250): DE10_Button_LED.hps_0: HPS peripherial PLL counter settings: n = 0  m = 39
Warning (12251): DE10_Button_LED.hps_0: ODT is disabled. Enabling ODT (Mode Register 1) may improve signal integrity
Warning (12251): DE10_Button_LED.hps_0: set_interface_assignment: Interface "hps_io" does not exist
Info (12250): DE10_Button_LED: Generating DE10_Button_LED "DE10_Button_LED" for QUARTUS_SYNTH
Info (12250): Hps_0: "Running  for module: hps_0"
Info (12250): Hps_0: HPS Main PLL counter settings: n = 0  m = 63
Info (12250): Hps_0: HPS peripherial PLL counter settings: n = 0  m = 39
Warning (12251): Hps_0: ODT is disabled. Enabling ODT (Mode Register 1) may improve signal integrity
Warning (12251): Hps_0: set_interface_assignment: Interface "hps_io" does not exist
Info (12250): Hps_0: "DE10_Button_LED" instantiated altera_hps "hps_0"
Info (12250): Pio_button: Starting RTL generation for module 'DE10_Button_LED_pio_button'
Info (12250): Pio_button:   Generation command is [exec /home/nicholas/intelFPGA_lite/20.1/quartus/linux64/perl/bin/perl -I /home/nicholas/intelFPGA_lite/20.1/quartus/linux64/perl/lib -I /home/nicholas/intelFPGA_lite/20.1/quartus/sopc_builder/bin/europa -I /home/nicholas/intelFPGA_lite/20.1/quartus/sopc_builder/bin -I /home/nicholas/intelFPGA_lite/20.1/quartus/../ip/altera/sopc_builder_ip/common -I /home/nicholas/intelFPGA_lite/20.1/quartus/../ip/altera/sopc_builder_ip/altera_avalon_pio -- /home/nicholas/intelFPGA_lite/20.1/quartus/../ip/altera/sopc_builder_ip/altera_avalon_pio/generate_rtl.pl --name=DE10_Button_LED_pio_button --dir=/tmp/alt0148_4116025086939323099.dir/0002_pio_button_gen/ --quartus_dir=/home/nicholas/intelFPGA_lite/20.1/quartus --verilog --config=/tmp/alt0148_4116025086939323099.dir/0002_pio_button_gen//DE10_Button_LED_pio_button_component_configuration.pl  --do_build_sim=0  ]
Info (12250): Pio_button: Done RTL generation for module 'DE10_Button_LED_pio_button'
Info (12250): Pio_button: "DE10_Button_LED" instantiated altera_avalon_pio "pio_button"
Info (12250): Avalon_st_adapter: Inserting error_adapter: error_adapter_0
Info (12250): Avalon_st_adapter_001: Inserting error_adapter: error_adapter_0
Info (12250): Mm_interconnect_0: "DE10_Button_LED" instantiated altera_mm_interconnect "mm_interconnect_0"
Info (12250): Rst_controller: "DE10_Button_LED" instantiated altera_reset_controller "rst_controller"
Info (12250): Fpga_interfaces: "hps_0" instantiated altera_interface_generator "fpga_interfaces"
Info (12250): Hps_io: "hps_0" instantiated altera_hps_io "hps_io"
Info (12250): Pio_button_s1_translator: "mm_interconnect_0" instantiated altera_merlin_slave_translator "pio_button_s1_translator"
Info (12250): Hps_0_h2f_lw_axi_master_agent: "mm_interconnect_0" instantiated altera_merlin_axi_master_ni "hps_0_h2f_lw_axi_master_agent"
Info (12250): Pio_button_s1_agent: "mm_interconnect_0" instantiated altera_merlin_slave_agent "pio_button_s1_agent"
Info (12250): Pio_button_s1_agent_rsp_fifo: "mm_interconnect_0" instantiated altera_avalon_sc_fifo "pio_button_s1_agent_rsp_fifo"
Info (12250): Router: "mm_interconnect_0" instantiated altera_merlin_router "router"
Info (12250): Router_002: "mm_interconnect_0" instantiated altera_merlin_router "router_002"
Info (12250): Hps_0_h2f_lw_axi_master_wr_limiter: "mm_interconnect_0" instantiated altera_merlin_traffic_limiter "hps_0_h2f_lw_axi_master_wr_limiter"
Info (12250): Reusing file /home/nicholas/Desktop/Github/low-latency-market-analysis/examples/hps_fpga_examples/DE10_Button_LED/db/ip/DE10_Button_LED/submodules/altera_avalon_sc_fifo.v
Info (12250): Pio_button_s1_burst_adapter: "mm_interconnect_0" instantiated altera_merlin_burst_adapter "pio_button_s1_burst_adapter"
Info (12250): Reusing file /home/nicholas/Desktop/Github/low-latency-market-analysis/examples/hps_fpga_examples/DE10_Button_LED/db/ip/DE10_Button_LED/submodules/altera_merlin_address_alignment.sv
Info (12250): Reusing file /home/nicholas/Desktop/Github/low-latency-market-analysis/examples/hps_fpga_examples/DE10_Button_LED/db/ip/DE10_Button_LED/submodules/altera_avalon_st_pipeline_base.v
Info (12250): Cmd_demux: "mm_interconnect_0" instantiated altera_merlin_demultiplexer "cmd_demux"
Info (12250): Cmd_mux: "mm_interconnect_0" instantiated altera_merlin_multiplexer "cmd_mux"
Info (12250): Rsp_demux: "mm_interconnect_0" instantiated altera_merlin_demultiplexer "rsp_demux"
Info (12250): Rsp_mux: "mm_interconnect_0" instantiated altera_merlin_multiplexer "rsp_mux"
Info (12250): Reusing file /home/nicholas/Desktop/Github/low-latency-market-analysis/examples/hps_fpga_examples/DE10_Button_LED/db/ip/DE10_Button_LED/submodules/altera_merlin_arbitrator.sv
Info (12250): Avalon_st_adapter: "mm_interconnect_0" instantiated altera_avalon_st_adapter "avalon_st_adapter"
Error (12252): Border: Error during execution of script generate_hps_sdram.tcl: seq: add_fileset_file: No such file /tmp/alt0148_6661823146196554900.dir/0004_seq_gen/hps_AC_ROM.hex
Error (12252): Border: Error during execution of script generate_hps_sdram.tcl: Generation stopped, 3 or more modules remaining
Error (12252): Border: Execution of script generate_hps_sdram.tcl failed
Error (12252): Border: 2025.03.01.16:48:14 Info:
Error (12252): Border: ********************************************************************************************************************
Error (12252): Border: 
Error (12252): Border: Use qsys-generate for a simpler command-line interface for generating IP.
Error (12252): Border: 
Error (12252): Border: Run ip-generate with switch --remove-qsys-generate-warning to prevent this notice from appearing in subsequent runs.
Error (12252): Border: 
Error (12252): Border: ********************************************************************************************************************
Warning (12251): Ignored parameter assignment device=5CSEBA6U23I7
Warning (12251): Ignored parameter assignment extended_family_support=true
Warning (12251): Hps_sdram: ODT is disabled. Enabling ODT (Mode Register 1) may improve signal integrity
Warning (12251): Hps_sdram: 'Quick' simulation modes are NOT timing accurate. Some simulation memory models may issue warnings or errors
Warning (12251): Hps_sdram.seq: This module has no ports or interfaces
Warning (12251): Hps_sdram.c0: ODT is disabled. Enabling ODT (Mode Register 1) may improve signal integrity
Warning (12251): Hps_sdram.p0: p0.scc must be exported, or connected to a matching conduit.
Warning (12251): Hps_sdram.as: as.afi_init_cal_req must be exported, or connected to a matching conduit.
Warning (12251): Hps_sdram.as: as.tracking must be exported, or connected to a matching conduit.
Warning (12251): Hps_sdram.c0: c0.status must be exported, or connected to a matching conduit.
Warning (12251): Hps_sdram.p0: p0.avl must be connected to an Avalon-MM master
Info (12250): Hps_sdram: Generating altera_mem_if_hps_emif "hps_sdram" for QUARTUS_SYNTH
Info (12250): Pll: "hps_sdram" instantiated altera_mem_if_hps_pll "pll"
Info (12250): P0: Generating clock pair generator
Info (12250): P0: Generating hps_sdram_p0_altdqdqs
Info (12250): P0:
Info (12250): P0: *****************************
Info (12250): P0:
Info (12250): P0: Remember to run the hps_sdram_p0_pin_assignments.tcl
Info (12250): P0: script after running Synthesis and before Fitting.
Info (12250): P0:
Info (12250): P0: *****************************
Info (12250): P0:
Info (12250): P0: "hps_sdram" instantiated altera_mem_if_ddr3_hard_phy_core "p0"
Error (12252): Border: 2025.03.01.16:48:53 Error: seq: add_fileset_file: No such file /tmp/alt0148_6661823146196554900.dir/0004_seq_gen/hps_AC_ROM.hex
Error (12252): Border: while executing
Error (12252): Border: "add_fileset_file $file_name [::alt_mem_if::util::hwtcl_utils::get_file_type $file_name 0] PATH $file_pathname"
Error (12252): Border: ("foreach" body line 4)
Error (12252): Border: invoked from within
Error (12252): Border: "foreach file_pathname $return_files_sw {
Error (12252): Border:         _dprint 1 "Preparing to add $file_pathname"
Error (12252): Border:         set file_name [file tail $file_pathname]
Error (12252): Border:         add_fileset_file $..."
Error (12252): Border: (procedure "generate_sw" line 18)
Error (12252): Border: invoked from within
Error (12252): Border: "generate_sw $name $fileset"
Error (12252): Border: ("if" then script line 4)
Error (12252): Border: invoked from within
Error (12252): Border: "if {[string compare -nocase $fileset QUARTUS_SYNTH] == 0} {
Error (12252): Border:         set top_level_file "altera_mem_if_hhp_qseq_synth_top.v"
Error (12252): Border:         add_fileset_file $top_level_fi..."
Error (12252): Border: (procedure "generate_files" line 4)
Error (12252): Border: invoked from within
Error (12252): Border: "generate_files $name QUARTUS_SYNTH"
Error (12252): Border: (procedure "generate_synth" line 3)
Error (12252): Border: invoked from within
Error (12252): Border: "generate_synth altera_mem_if_hhp_qseq_synth_top"
Info (12250): Seq: "hps_sdram" instantiated altera_mem_if_hhp_ddr3_qseq "seq"
Error (12252): Border: 2025.03.01.16:48:53 Error: Generation stopped, 3 or more modules remaining
Info (12250): Hps_sdram: Done "hps_sdram" with 7 modules, 33 files
Info (12250): Border: "hps_io" instantiated altera_interface_generator "border"
Error (12252): Generation stopped, 1 or more modules remaining
Info (12250): DE10_Button_LED: Done "DE10_Button_LED" with 22 modules, 70 files
Info (12249): Finished elaborating Platform Designer system entity "DE10_Button_LED.qsys"
Info (12021): Found 1 design units, including 1 entities, in source file DE10_BUtton_LED.v
    Info (12023): Found entity 1: DE10_Nano_SoC_GHRD File: /home/nicholas/Desktop/Github/low-latency-market-analysis/examples/hps_fpga_examples/DE10_Button_LED/DE10_BUtton_LED.v Line: 1
Info (12021): Found 1 design units, including 1 entities, in source file db/ip/DE10_Button_LED/DE10_Button_LED.v
    Info (12023): Found entity 1: DE10_Button_LED File: /home/nicholas/Desktop/Github/low-latency-market-analysis/examples/hps_fpga_examples/DE10_Button_LED/db/ip/DE10_Button_LED/DE10_Button_LED.v Line: 6
Info (12021): Found 1 design units, including 1 entities, in source file db/ip/DE10_Button_LED/submodules/DE10_Button_LED_hps_0.v
    Info (12023): Found entity 1: DE10_Button_LED_hps_0 File: /home/nicholas/Desktop/Github/low-latency-market-analysis/examples/hps_fpga_examples/DE10_Button_LED/db/ip/DE10_Button_LED/submodules/DE10_Button_LED_hps_0.v Line: 9
Info (12021): Found 1 design units, including 1 entities, in source file db/ip/DE10_Button_LED/submodules/DE10_Button_LED_hps_0_fpga_interfaces.sv
    Info (12023): Found entity 1: DE10_Button_LED_hps_0_fpga_interfaces File: /home/nicholas/Desktop/Github/low-latency-market-analysis/examples/hps_fpga_examples/DE10_Button_LED/db/ip/DE10_Button_LED/submodules/DE10_Button_LED_hps_0_fpga_interfaces.sv Line: 14
Info (12021): Found 1 design units, including 1 entities, in source file db/ip/DE10_Button_LED/submodules/DE10_Button_LED_hps_0_hps_io.v
    Info (12023): Found entity 1: DE10_Button_LED_hps_0_hps_io File: /home/nicholas/Desktop/Github/low-latency-market-analysis/examples/hps_fpga_examples/DE10_Button_LED/db/ip/DE10_Button_LED/submodules/DE10_Button_LED_hps_0_hps_io.v Line: 9
Info (12021): Found 1 design units, including 1 entities, in source file db/ip/DE10_Button_LED/submodules/DE10_Button_LED_hps_0_hps_io_border.sv
    Info (12023): Found entity 1: DE10_Button_LED_hps_0_hps_io_border File: /home/nicholas/Desktop/Github/low-latency-market-analysis/examples/hps_fpga_examples/DE10_Button_LED/db/ip/DE10_Button_LED/submodules/DE10_Button_LED_hps_0_hps_io_border.sv Line: 14
Info (12021): Found 1 design units, including 1 entities, in source file db/ip/DE10_Button_LED/submodules/DE10_Button_LED_mm_interconnect_0.v
    Info (12023): Found entity 1: DE10_Button_LED_mm_interconnect_0 File: /home/nicholas/Desktop/Github/low-latency-market-analysis/examples/hps_fpga_examples/DE10_Button_LED/db/ip/DE10_Button_LED/submodules/DE10_Button_LED_mm_interconnect_0.v Line: 9
Info (12021): Found 1 design units, including 1 entities, in source file db/ip/DE10_Button_LED/submodules/DE10_Button_LED_mm_interconnect_0_avalon_st_adapter.v
    Info (12023): Found entity 1: DE10_Button_LED_mm_interconnect_0_avalon_st_adapter File: /home/nicholas/Desktop/Github/low-latency-market-analysis/examples/hps_fpga_examples/DE10_Button_LED/db/ip/DE10_Button_LED/submodules/DE10_Button_LED_mm_interconnect_0_avalon_st_adapter.v Line: 9
Info (12021): Found 1 design units, including 1 entities, in source file db/ip/DE10_Button_LED/submodules/DE10_Button_LED_mm_interconnect_0_cmd_demux.sv
    Info (12023): Found entity 1: DE10_Button_LED_mm_interconnect_0_cmd_demux File: /home/nicholas/Desktop/Github/low-latency-market-analysis/examples/hps_fpga_examples/DE10_Button_LED/db/ip/DE10_Button_LED/submodules/DE10_Button_LED_mm_interconnect_0_cmd_demux.sv Line: 43
Info (12021): Found 1 design units, including 1 entities, in source file db/ip/DE10_Button_LED/submodules/DE10_Button_LED_mm_interconnect_0_cmd_mux.sv
    Info (12023): Found entity 1: DE10_Button_LED_mm_interconnect_0_cmd_mux File: /home/nicholas/Desktop/Github/low-latency-market-analysis/examples/hps_fpga_examples/DE10_Button_LED/db/ip/DE10_Button_LED/submodules/DE10_Button_LED_mm_interconnect_0_cmd_mux.sv Line: 51
Info (12021): Found 2 design units, including 2 entities, in source file db/ip/DE10_Button_LED/submodules/DE10_Button_LED_mm_interconnect_0_router.sv
    Info (12023): Found entity 1: DE10_Button_LED_mm_interconnect_0_router_default_decode File: /home/nicholas/Desktop/Github/low-latency-market-analysis/examples/hps_fpga_examples/DE10_Button_LED/db/ip/DE10_Button_LED/submodules/DE10_Button_LED_mm_interconnect_0_router.sv Line: 45
    Info (12023): Found entity 2: DE10_Button_LED_mm_interconnect_0_router File: /home/nicholas/Desktop/Github/low-latency-market-analysis/examples/hps_fpga_examples/DE10_Button_LED/db/ip/DE10_Button_LED/submodules/DE10_Button_LED_mm_interconnect_0_router.sv Line: 84
Info (12021): Found 2 design units, including 2 entities, in source file db/ip/DE10_Button_LED/submodules/DE10_Button_LED_mm_interconnect_0_router_002.sv
    Info (12023): Found entity 1: DE10_Button_LED_mm_interconnect_0_router_002_default_decode File: /home/nicholas/Desktop/Github/low-latency-market-analysis/examples/hps_fpga_examples/DE10_Button_LED/db/ip/DE10_Button_LED/submodules/DE10_Button_LED_mm_interconnect_0_router_002.sv Line: 45
    Info (12023): Found entity 2: DE10_Button_LED_mm_interconnect_0_router_002 File: /home/nicholas/Desktop/Github/low-latency-market-analysis/examples/hps_fpga_examples/DE10_Button_LED/db/ip/DE10_Button_LED/submodules/DE10_Button_LED_mm_interconnect_0_router_002.sv Line: 84
Info (12021): Found 1 design units, including 1 entities, in source file db/ip/DE10_Button_LED/submodules/DE10_Button_LED_mm_interconnect_0_rsp_demux.sv
    Info (12023): Found entity 1: DE10_Button_LED_mm_interconnect_0_rsp_demux File: /home/nicholas/Desktop/Github/low-latency-market-analysis/examples/hps_fpga_examples/DE10_Button_LED/db/ip/DE10_Button_LED/submodules/DE10_Button_LED_mm_interconnect_0_rsp_demux.sv Line: 43
Info (12021): Found 1 design units, including 1 entities, in source file db/ip/DE10_Button_LED/submodules/DE10_Button_LED_mm_interconnect_0_rsp_mux.sv
    Info (12023): Found entity 1: DE10_Button_LED_mm_interconnect_0_rsp_mux File: /home/nicholas/Desktop/Github/low-latency-market-analysis/examples/hps_fpga_examples/DE10_Button_LED/db/ip/DE10_Button_LED/submodules/DE10_Button_LED_mm_interconnect_0_rsp_mux.sv Line: 51
Info (12021): Found 1 design units, including 1 entities, in source file db/ip/DE10_Button_LED/submodules/DE10_Button_LED_pio_button.v
    Info (12023): Found entity 1: DE10_Button_LED_pio_button File: /home/nicholas/Desktop/Github/low-latency-market-analysis/examples/hps_fpga_examples/DE10_Button_LED/db/ip/DE10_Button_LED/submodules/DE10_Button_LED_pio_button.v Line: 21
Info (12021): Found 1 design units, including 1 entities, in source file db/ip/DE10_Button_LED/submodules/altdq_dqs2_acv_connect_to_hard_phy_cyclonev.sv
    Info (12023): Found entity 1: altdq_dqs2_acv_connect_to_hard_phy_cyclonev File: /home/nicholas/Desktop/Github/low-latency-market-analysis/examples/hps_fpga_examples/DE10_Button_LED/db/ip/DE10_Button_LED/submodules/altdq_dqs2_acv_connect_to_hard_phy_cyclonev.sv Line: 19
Info (12021): Found 1 design units, including 1 entities, in source file db/ip/DE10_Button_LED/submodules/altera_avalon_sc_fifo.v
    Info (12023): Found entity 1: altera_avalon_sc_fifo File: /home/nicholas/Desktop/Github/low-latency-market-analysis/examples/hps_fpga_examples/DE10_Button_LED/db/ip/DE10_Button_LED/submodules/altera_avalon_sc_fifo.v Line: 21
Info (12021): Found 1 design units, including 1 entities, in source file db/ip/DE10_Button_LED/submodules/altera_avalon_st_pipeline_base.v
    Info (12023): Found entity 1: altera_avalon_st_pipeline_base File: /home/nicholas/Desktop/Github/low-latency-market-analysis/examples/hps_fpga_examples/DE10_Button_LED/db/ip/DE10_Button_LED/submodules/altera_avalon_st_pipeline_base.v Line: 22
Info (12021): Found 1 design units, including 1 entities, in source file db/ip/DE10_Button_LED/submodules/altera_avalon_st_pipeline_stage.sv
    Info (12023): Found entity 1: altera_avalon_st_pipeline_stage File: /home/nicholas/Desktop/Github/low-latency-market-analysis/examples/hps_fpga_examples/DE10_Button_LED/db/ip/DE10_Button_LED/submodules/altera_avalon_st_pipeline_stage.sv Line: 22
Info (12021): Found 1 design units, including 1 entities, in source file db/ip/DE10_Button_LED/submodules/altera_default_burst_converter.sv
    Info (12023): Found entity 1: altera_default_burst_converter File: /home/nicholas/Desktop/Github/low-latency-market-analysis/examples/hps_fpga_examples/DE10_Button_LED/db/ip/DE10_Button_LED/submodules/altera_default_burst_converter.sv Line: 30
Info (12021): Found 1 design units, including 1 entities, in source file db/ip/DE10_Button_LED/submodules/altera_incr_burst_converter.sv
    Info (12023): Found entity 1: altera_incr_burst_converter File: /home/nicholas/Desktop/Github/low-latency-market-analysis/examples/hps_fpga_examples/DE10_Button_LED/db/ip/DE10_Button_LED/submodules/altera_incr_burst_converter.sv Line: 28
Info (12021): Found 1 design units, including 1 entities, in source file db/ip/DE10_Button_LED/submodules/altera_mem_if_hhp_qseq_synth_top.v
    Info (12023): Found entity 1: altera_mem_if_hhp_qseq_synth_top File: /home/nicholas/Desktop/Github/low-latency-market-analysis/examples/hps_fpga_examples/DE10_Button_LED/db/ip/DE10_Button_LED/submodules/altera_mem_if_hhp_qseq_synth_top.v Line: 15
Info (12021): Found 1 design units, including 1 entities, in source file db/ip/DE10_Button_LED/submodules/altera_merlin_address_alignment.sv
    Info (12023): Found entity 1: altera_merlin_address_alignment File: /home/nicholas/Desktop/Github/low-latency-market-analysis/examples/hps_fpga_examples/DE10_Button_LED/db/ip/DE10_Button_LED/submodules/altera_merlin_address_alignment.sv Line: 26
Info (12021): Found 2 design units, including 2 entities, in source file db/ip/DE10_Button_LED/submodules/altera_merlin_arbitrator.sv
    Info (12023): Found entity 1: altera_merlin_arbitrator File: /home/nicholas/Desktop/Github/low-latency-market-analysis/examples/hps_fpga_examples/DE10_Button_LED/db/ip/DE10_Button_LED/submodules/altera_merlin_arbitrator.sv Line: 103
    Info (12023): Found entity 2: altera_merlin_arb_adder File: /home/nicholas/Desktop/Github/low-latency-market-analysis/examples/hps_fpga_examples/DE10_Button_LED/db/ip/DE10_Button_LED/submodules/altera_merlin_arbitrator.sv Line: 228
Info (12021): Found 1 design units, including 1 entities, in source file db/ip/DE10_Button_LED/submodules/altera_merlin_axi_master_ni.sv
    Info (12023): Found entity 1: altera_merlin_axi_master_ni File: /home/nicholas/Desktop/Github/low-latency-market-analysis/examples/hps_fpga_examples/DE10_Button_LED/db/ip/DE10_Button_LED/submodules/altera_merlin_axi_master_ni.sv Line: 27
Info (12021): Found 1 design units, including 1 entities, in source file db/ip/DE10_Button_LED/submodules/altera_merlin_burst_adapter.sv
    Info (12023): Found entity 1: altera_merlin_burst_adapter File: /home/nicholas/Desktop/Github/low-latency-market-analysis/examples/hps_fpga_examples/DE10_Button_LED/db/ip/DE10_Button_LED/submodules/altera_merlin_burst_adapter.sv Line: 21
Info (12021): Found 5 design units, including 5 entities, in source file db/ip/DE10_Button_LED/submodules/altera_merlin_burst_adapter_13_1.sv
    Info (12023): Found entity 1: altera_merlin_burst_adapter_burstwrap_increment File: /home/nicholas/Desktop/Github/low-latency-market-analysis/examples/hps_fpga_examples/DE10_Button_LED/db/ip/DE10_Button_LED/submodules/altera_merlin_burst_adapter_13_1.sv Line: 40
    Info (12023): Found entity 2: altera_merlin_burst_adapter_adder File: /home/nicholas/Desktop/Github/low-latency-market-analysis/examples/hps_fpga_examples/DE10_Button_LED/db/ip/DE10_Button_LED/submodules/altera_merlin_burst_adapter_13_1.sv Line: 55
    Info (12023): Found entity 3: altera_merlin_burst_adapter_subtractor File: /home/nicholas/Desktop/Github/low-latency-market-analysis/examples/hps_fpga_examples/DE10_Button_LED/db/ip/DE10_Button_LED/submodules/altera_merlin_burst_adapter_13_1.sv Line: 77
    Info (12023): Found entity 4: altera_merlin_burst_adapter_min File: /home/nicholas/Desktop/Github/low-latency-market-analysis/examples/hps_fpga_examples/DE10_Button_LED/db/ip/DE10_Button_LED/submodules/altera_merlin_burst_adapter_13_1.sv Line: 98
    Info (12023): Found entity 5: altera_merlin_burst_adapter_13_1 File: /home/nicholas/Desktop/Github/low-latency-market-analysis/examples/hps_fpga_examples/DE10_Button_LED/db/ip/DE10_Button_LED/submodules/altera_merlin_burst_adapter_13_1.sv Line: 264
Info (12021): Found 1 design units, including 1 entities, in source file db/ip/DE10_Button_LED/submodules/altera_merlin_burst_adapter_new.sv
    Info (12023): Found entity 1: altera_merlin_burst_adapter_new File: /home/nicholas/Desktop/Github/low-latency-market-analysis/examples/hps_fpga_examples/DE10_Button_LED/db/ip/DE10_Button_LED/submodules/altera_merlin_burst_adapter_new.sv Line: 25
Info (12021): Found 1 design units, including 1 entities, in source file db/ip/DE10_Button_LED/submodules/altera_merlin_burst_adapter_uncmpr.sv
    Info (12023): Found entity 1: altera_merlin_burst_adapter_uncompressed_only File: /home/nicholas/Desktop/Github/low-latency-market-analysis/examples/hps_fpga_examples/DE10_Button_LED/db/ip/DE10_Button_LED/submodules/altera_merlin_burst_adapter_uncmpr.sv Line: 39
Info (12021): Found 1 design units, including 1 entities, in source file db/ip/DE10_Button_LED/submodules/altera_merlin_burst_uncompressor.sv
    Info (12023): Found entity 1: altera_merlin_burst_uncompressor File: /home/nicholas/Desktop/Github/low-latency-market-analysis/examples/hps_fpga_examples/DE10_Button_LED/db/ip/DE10_Button_LED/submodules/altera_merlin_burst_uncompressor.sv Line: 40
Info (12021): Found 2 design units, including 2 entities, in source file db/ip/DE10_Button_LED/submodules/altera_merlin_reorder_memory.sv
    Info (12023): Found entity 1: altera_merlin_reorder_memory File: /home/nicholas/Desktop/Github/low-latency-market-analysis/examples/hps_fpga_examples/DE10_Button_LED/db/ip/DE10_Button_LED/submodules/altera_merlin_reorder_memory.sv Line: 28
    Info (12023): Found entity 2: memory_pointer_controller File: /home/nicholas/Desktop/Github/low-latency-market-analysis/examples/hps_fpga_examples/DE10_Button_LED/db/ip/DE10_Button_LED/submodules/altera_merlin_reorder_memory.sv Line: 185
Info (12021): Found 1 design units, including 1 entities, in source file db/ip/DE10_Button_LED/submodules/altera_merlin_slave_agent.sv
    Info (12023): Found entity 1: altera_merlin_slave_agent File: /home/nicholas/Desktop/Github/low-latency-market-analysis/examples/hps_fpga_examples/DE10_Button_LED/db/ip/DE10_Button_LED/submodules/altera_merlin_slave_agent.sv Line: 34
Info (12021): Found 1 design units, including 1 entities, in source file db/ip/DE10_Button_LED/submodules/altera_merlin_slave_translator.sv
    Info (12023): Found entity 1: altera_merlin_slave_translator File: /home/nicholas/Desktop/Github/low-latency-market-analysis/examples/hps_fpga_examples/DE10_Button_LED/db/ip/DE10_Button_LED/submodules/altera_merlin_slave_translator.sv Line: 35
Info (12021): Found 1 design units, including 1 entities, in source file db/ip/DE10_Button_LED/submodules/altera_merlin_traffic_limiter.sv
    Info (12023): Found entity 1: altera_merlin_traffic_limiter File: /home/nicholas/Desktop/Github/low-latency-market-analysis/examples/hps_fpga_examples/DE10_Button_LED/db/ip/DE10_Button_LED/submodules/altera_merlin_traffic_limiter.sv Line: 49
Info (12021): Found 1 design units, including 1 entities, in source file db/ip/DE10_Button_LED/submodules/altera_reset_controller.v
    Info (12023): Found entity 1: altera_reset_controller File: /home/nicholas/Desktop/Github/low-latency-market-analysis/examples/hps_fpga_examples/DE10_Button_LED/db/ip/DE10_Button_LED/submodules/altera_reset_controller.v Line: 42
Info (12021): Found 1 design units, including 1 entities, in source file db/ip/DE10_Button_LED/submodules/altera_reset_synchronizer.v
    Info (12023): Found entity 1: altera_reset_synchronizer File: /home/nicholas/Desktop/Github/low-latency-market-analysis/examples/hps_fpga_examples/DE10_Button_LED/db/ip/DE10_Button_LED/submodules/altera_reset_synchronizer.v Line: 24
Info (12021): Found 1 design units, including 1 entities, in source file db/ip/DE10_Button_LED/submodules/altera_wrap_burst_converter.sv
    Info (12023): Found entity 1: altera_wrap_burst_converter File: /home/nicholas/Desktop/Github/low-latency-market-analysis/examples/hps_fpga_examples/DE10_Button_LED/db/ip/DE10_Button_LED/submodules/altera_wrap_burst_converter.sv Line: 27
Info (12021): Found 1 design units, including 1 entities, in source file db/ip/DE10_Button_LED/submodules/hps_sdram.v
    Info (12023): Found entity 1: hps_sdram File: /home/nicholas/Desktop/Github/low-latency-market-analysis/examples/hps_fpga_examples/DE10_Button_LED/db/ip/DE10_Button_LED/submodules/hps_sdram.v Line: 9
Info (12021): Found 1 design units, including 1 entities, in source file db/ip/DE10_Button_LED/submodules/hps_sdram_p0.sv
    Info (12023): Found entity 1: hps_sdram_p0 File: /home/nicholas/Desktop/Github/low-latency-market-analysis/examples/hps_fpga_examples/DE10_Button_LED/db/ip/DE10_Button_LED/submodules/hps_sdram_p0.sv Line: 18
Info (12021): Found 1 design units, including 1 entities, in source file db/ip/DE10_Button_LED/submodules/hps_sdram_p0_acv_hard_addr_cmd_pads.v
    Info (12023): Found entity 1: hps_sdram_p0_acv_hard_addr_cmd_pads File: /home/nicholas/Desktop/Github/low-latency-market-analysis/examples/hps_fpga_examples/DE10_Button_LED/db/ip/DE10_Button_LED/submodules/hps_sdram_p0_acv_hard_addr_cmd_pads.v Line: 17
Info (12021): Found 1 design units, including 1 entities, in source file db/ip/DE10_Button_LED/submodules/hps_sdram_p0_acv_hard_io_pads.v
    Info (12023): Found entity 1: hps_sdram_p0_acv_hard_io_pads File: /home/nicholas/Desktop/Github/low-latency-market-analysis/examples/hps_fpga_examples/DE10_Button_LED/db/ip/DE10_Button_LED/submodules/hps_sdram_p0_acv_hard_io_pads.v Line: 17
Info (12021): Found 1 design units, including 1 entities, in source file db/ip/DE10_Button_LED/submodules/hps_sdram_p0_acv_hard_memphy.v
    Info (12023): Found entity 1: hps_sdram_p0_acv_hard_memphy File: /home/nicholas/Desktop/Github/low-latency-market-analysis/examples/hps_fpga_examples/DE10_Button_LED/db/ip/DE10_Button_LED/submodules/hps_sdram_p0_acv_hard_memphy.v Line: 21
Info (12021): Found 1 design units, including 1 entities, in source file db/ip/DE10_Button_LED/submodules/hps_sdram_p0_acv_ldc.v
    Info (12023): Found entity 1: hps_sdram_p0_acv_ldc File: /home/nicholas/Desktop/Github/low-latency-market-analysis/examples/hps_fpga_examples/DE10_Button_LED/db/ip/DE10_Button_LED/submodules/hps_sdram_p0_acv_ldc.v Line: 17
Info (12021): Found 1 design units, including 1 entities, in source file db/ip/DE10_Button_LED/submodules/hps_sdram_p0_altdqdqs.v
    Info (12023): Found entity 1: hps_sdram_p0_altdqdqs File: /home/nicholas/Desktop/Github/low-latency-market-analysis/examples/hps_fpga_examples/DE10_Button_LED/db/ip/DE10_Button_LED/submodules/hps_sdram_p0_altdqdqs.v Line: 17
Info (12021): Found 1 design units, including 1 entities, in source file db/ip/DE10_Button_LED/submodules/hps_sdram_p0_clock_pair_generator.v
    Info (12023): Found entity 1: hps_sdram_p0_clock_pair_generator File: /home/nicholas/Desktop/Github/low-latency-market-analysis/examples/hps_fpga_examples/DE10_Button_LED/db/ip/DE10_Button_LED/submodules/hps_sdram_p0_clock_pair_generator.v Line: 29
Info (12021): Found 1 design units, including 1 entities, in source file db/ip/DE10_Button_LED/submodules/hps_sdram_p0_generic_ddio.v
    Info (12023): Found entity 1: hps_sdram_p0_generic_ddio File: /home/nicholas/Desktop/Github/low-latency-market-analysis/examples/hps_fpga_examples/DE10_Button_LED/db/ip/DE10_Button_LED/submodules/hps_sdram_p0_generic_ddio.v Line: 17
Info (12021): Found 1 design units, including 1 entities, in source file db/ip/DE10_Button_LED/submodules/hps_sdram_p0_iss_probe.v
    Info (12023): Found entity 1: hps_sdram_p0_iss_probe File: /home/nicholas/Desktop/Github/low-latency-market-analysis/examples/hps_fpga_examples/DE10_Button_LED/db/ip/DE10_Button_LED/submodules/hps_sdram_p0_iss_probe.v Line: 17
Info (12021): Found 1 design units, including 1 entities, in source file db/ip/DE10_Button_LED/submodules/hps_sdram_p0_phy_csr.sv
    Info (12023): Found entity 1: hps_sdram_p0_phy_csr File: /home/nicholas/Desktop/Github/low-latency-market-analysis/examples/hps_fpga_examples/DE10_Button_LED/db/ip/DE10_Button_LED/submodules/hps_sdram_p0_phy_csr.sv Line: 31
Info (12021): Found 1 design units, including 1 entities, in source file db/ip/DE10_Button_LED/submodules/hps_sdram_p0_reset.v
    Info (12023): Found entity 1: hps_sdram_p0_reset File: /home/nicholas/Desktop/Github/low-latency-market-analysis/examples/hps_fpga_examples/DE10_Button_LED/db/ip/DE10_Button_LED/submodules/hps_sdram_p0_reset.v Line: 18
Info (12021): Found 1 design units, including 1 entities, in source file db/ip/DE10_Button_LED/submodules/hps_sdram_p0_reset_sync.v
    Info (12023): Found entity 1: hps_sdram_p0_reset_sync File: /home/nicholas/Desktop/Github/low-latency-market-analysis/examples/hps_fpga_examples/DE10_Button_LED/db/ip/DE10_Button_LED/submodules/hps_sdram_p0_reset_sync.v Line: 17
Info (12021): Found 1 design units, including 1 entities, in source file db/ip/DE10_Button_LED/submodules/hps_sdram_pll.sv
    Info (12023): Found entity 1: hps_sdram_pll File: /home/nicholas/Desktop/Github/low-latency-market-analysis/examples/hps_fpga_examples/DE10_Button_LED/db/ip/DE10_Button_LED/submodules/hps_sdram_pll.sv Line: 25
Warning (10236): Verilog HDL Implicit Net warning at hps_sdram_pll.sv(168): created implicit net for "pll_dr_clk" File: /home/nicholas/Desktop/Github/low-latency-market-analysis/examples/hps_fpga_examples/DE10_Button_LED/db/ip/DE10_Button_LED/submodules/hps_sdram_pll.sv Line: 168
Error (12007): Top-level design entity "DE10_BUtton_LED" is undefined
Info (144001): Generated suppressed messages file /home/nicholas/Desktop/Github/low-latency-market-analysis/examples/hps_fpga_examples/DE10_Button_LED/output_files/DE10_Button_LED.map.smsg
Error: Quartus Prime Analysis & Synthesis was unsuccessful. 37 errors, 17 warnings
    Error: Peak virtual memory: 438 megabytes
    Error: Processing ended: Sat Mar  1 16:49:14 2025
    Error: Elapsed time: 00:03:31
    Error: Total CPU time (on all processors): 00:07:18


+------------------------------------------+
; Analysis & Synthesis Suppressed Messages ;
+------------------------------------------+
The suppressed messages can be found in /home/nicholas/Desktop/Github/low-latency-market-analysis/examples/hps_fpga_examples/DE10_Button_LED/output_files/DE10_Button_LED.map.smsg.


